// Jest Snapshot v1, https://goo.gl/fbAQLP

exports[`Home render 1`] = `
<div>
  <header
    class="sc-2fa9c43c-0 fYHeri"
  >
    <h1
      class="sc-2fa9c43c-1 hiITkg"
    >
      Todo List
    </h1>
    <div
      class="sc-2fa9c43c-2 kmclcl"
    >
      <input
        class="sc-2fa9c43c-3 kOCMpp"
        data-testid="test-checkbox"
        type="checkbox"
      />
      <input
        class="sc-2fa9c43c-4 kMDneS"
        data-testid="test-input"
        placeholder="입력"
        value=""
      />
    </div>
  </header>
</div>
`;
